// Jest Snapshot v1, https://goo.gl/fbAQLP

exports[`It renders correctly 1`] = `
<div
  className="container"
>
  <div
    data-testid="array-element"
    style={
      Object {
        "background": "black",
        "display": "inline-block",
        "height": "5px",
        "width": "10px",
      }
    }
  />
</div>
`;
